97.876686 88.245841
82.688200 74.760447
70.394078 63.765666
60.551305 55.068147
52.783933 48.243371
46.757125 43.055176
42.186053 39.081434
38.747783 36.174188
36.200101 34.006085
34.294485 32.392410
